// Jest Snapshot v1, https://goo.gl/fbAQLP

exports[`Pruebas en <PrimeraApp /> Debe de mostrar <PrimerApp /> correctamente" 1`] = `
<Fragment>
  <h1>
    Hola Mundo
  </h1>
  <p />
</Fragment>
`;
